[2026-10-01T00:40:04.301Z] turn-stopping pid=3668 sid=9a7f68f0 reason=none wasDream=false
[2026-10-01T01:26:41.246Z] turn-stopping pid=3668 sid=9a7f68f0 reason=none wasDream=false
[2026-10-01T01:26:57.666Z] turn-stopping pid=3668 sid=9a7f68f0 reason=none wasDream=false
[2026-10-01T01:32:18.059Z] hit-chain pid=3668 sid=9a7f68f0 textLen=33 hit=null
[2026-10-01T01:41:32.228Z] turn-stopping pid=3668 sid=9a7f68f0 reason=none wasDream=false
[2026-10-01T01:41:53.452Z] turn-stopping pid=3668 sid=9a7f68f0 reason=none wasDream=false
[2026-10-01T01:49:35.033Z] pre-step first pid=3668 sid=b2087da4 priorUser=0 userMsgs=1
[2026-10-01T01:55:32.227Z] turn-stopping pid=3668 sid=b2087da4 reason=none wasDream=false
[2026-10-01T01:55:44.693Z] turn-stopping pid=3668 sid=b2087da4 reason=none wasDream=false
[2026-10-01T02:04:29.695Z] pre-step first pid=3668 sid=b6b63587 priorUser=0 userMsgs=1
[2026-10-01T02:06:13.910Z] turn-stopping pid=3668 sid=b6b63587 reason=none wasDream=false
[2026-10-01T02:16:24.313Z] turn-stopping pid=3668 sid=b6b63587 reason=none wasDream=false
[2026-10-01T02:16:49.639Z] turn-stopping pid=3668 sid=b6b63587 reason=none wasDream=false
[2026-10-01T02:23:19.251Z] hit-chain pid=3668 sid=b6b63587 textLen=88 hit=yes
[2026-10-01T02:24:00.829Z] turn-stopping pid=3668 sid=b6b63587 reason=none wasDream=false
[2026-10-01T02:24:11.253Z] turn-stopping pid=3668 sid=b6b63587 reason=none wasDream=false
[2026-10-01T02:27:07.406Z] hit-chain pid=3668 sid=b6b63587 textLen=41 hit=yes
[2026-10-01T02:29:48.254Z] turn-stopping pid=3668 sid=b6b63587 reason=none wasDream=false
[2026-10-01T02:29:59.936Z] turn-stopping pid=3668 sid=b6b63587 reason=none wasDream=false
[2026-10-01T02:43:24.407Z] pre-step first pid=3668 sid=a0894792 priorUser=0 userMsgs=1
[2026-10-01T02:47:48.835Z] turn-stopping pid=3668 sid=a0894792 reason=none wasDream=false
[2026-10-01T02:48:14.601Z] turn-stopping pid=3668 sid=a0894792 reason=none wasDream=false
[2026-10-01T02:49:57.747Z] turn-stopping pid=3668 sid=a0894792 reason=none wasDream=false
[2026-10-01T02:50:17.366Z] turn-stopping pid=3668 sid=a0894792 reason=none wasDream=false
[2026-10-01T02:50:30.850Z] hit-chain pid=3668 sid=a0894792 textLen=4 hit=null
[2026-10-01T02:50:36.050Z] turn-stopping pid=3668 sid=a0894792 reason=none wasDream=false
[2026-10-01T02:56:11.562Z] pre-step first pid=3668 sid=71443425 priorUser=0 userMsgs=1
[2026-10-01T03:01:25.881Z] turn-stopping pid=3668 sid=71443425 reason=none wasDream=false
[2026-10-01T03:16:53.807Z] turn-stopping pid=3668 sid=71443425 reason=none wasDream=false
[2026-10-01T03:27:41.021Z] pre-step first pid=3668 sid=5e6ca47b priorUser=0 userMsgs=1
[2026-10-01T03:30:10.617Z] turn-stopping pid=3668 sid=5e6ca47b reason=none wasDream=false
[2026-10-01T03:32:08.965Z] turn-stopping pid=3668 sid=5e6ca47b reason=none wasDream=false
[2026-10-01T03:35:32.248Z] hit-chain pid=3668 sid=5e6ca47b textLen=57 hit=yes
[2026-10-01T03:36:22.534Z] turn-stopping pid=3668 sid=5e6ca47b reason=none wasDream=false
[2026-10-01T03:39:50.300Z] hit-chain pid=3668 sid=5e6ca47b textLen=5 hit=yes
[2026-10-01T03:42:32.772Z] turn-stopping pid=3668 sid=5e6ca47b reason=none wasDream=false
[2026-10-01T04:03:01.462Z] check sid=9a7f68f0 active=false idle=8489s
[2026-10-01T04:03:01.464Z] check sid=b6b63587 active=false idle=5598s
[2026-10-01T04:03:01.467Z] check sid=a0894792 active=false idle=4345s
[2026-10-01T04:03:01.469Z] check sid=71443425 active=false idle=2768s
[2026-10-01T04:03:01.472Z] check sid=5e6ca47b active=false idle=1229s
[2026-10-01T04:18:01.475Z] check sid=9a7f68f0 active=false idle=9389s
[2026-10-01T04:18:01.477Z] check sid=b6b63587 active=false idle=6498s
[2026-10-01T04:18:01.479Z] check sid=a0894792 active=false idle=5245s
[2026-10-01T04:18:01.481Z] check sid=71443425 active=false idle=3668s
[2026-10-01T04:18:01.483Z] check sid=5e6ca47b active=false idle=2129s
[2026-10-01T04:33:01.477Z] check sid=9a7f68f0 active=false idle=10289s
[2026-10-01T04:33:01.479Z] check sid=b2087da4 active=false idle=9454s
[2026-10-01T04:33:01.481Z] check sid=b6b63587 active=false idle=7398s
[2026-10-01T04:33:01.483Z] check sid=a0894792 active=false idle=6145s
[2026-10-01T04:33:01.486Z] check sid=71443425 active=false idle=4568s
[2026-10-01T04:33:01.488Z] check sid=5e6ca47b active=false idle=3029s
[2026-10-01T10:33:28.030Z] pre-step first pid=8376 sid=5a584a58 priorUser=0 userMsgs=1
[2026-10-01T10:37:59.112Z] hit-chain pid=8376 sid=5a584a58 textLen=6 hit=yes
[2026-10-01T10:38:34.195Z] turn-stopping pid=8376 sid=5a584a58 reason=none wasDream=false
[2026-10-01T15:26:05.331Z] pre-step first pid=4044 sid=4168cb78 priorUser=0 userMsgs=1
[2026-10-01T15:39:21.023Z] turn-stopping pid=4044 sid=4168cb78 reason=none wasDream=false
[2026-10-01T15:39:44.353Z] turn-stopping pid=4044 sid=4168cb78 reason=none wasDream=false
[2026-10-01T15:40:59.834Z] hit-chain pid=4044 sid=4168cb78 textLen=24 hit=yes
[2026-10-01T15:42:28.900Z] turn-stopping pid=4044 sid=4168cb78 reason=none wasDream=false
[2026-10-01T15:44:13.110Z] hit-chain pid=4044 sid=4168cb78 textLen=59 hit=yes
[2026-10-01T15:46:40.739Z] turn-stopping pid=4044 sid=4168cb78 reason=none wasDream=false
